...                                                                      [100%]
=============================== warnings summary ===============================
../../../usr/local/lib/python3.12/dist-packages/wagtail/blocks/field_block.py:321
../../../usr/local/lib/python3.12/dist-packages/wagtail/blocks/field_block.py:321
  /usr/local/lib/python3.12/dist-packages/wagtail/blocks/field_block.py:321: RemovedInDjango60Warning: The default scheme will be changed from 'http' to 'https' in Django 6.0. Pass the forms.URLField.assume_scheme argument to silence this warning, or set the FORMS_URLFIELD_ASSUME_HTTPS transitional setting to True to opt into using 'https' as the new default scheme.
    self.field = forms.URLField(

apps/payments/models.py:193
  /home/ubuntu/rb02-4-test-run/apps/payments/models.py:193: RemovedInDjango60Warning: CheckConstraint.check is deprecated in favor of `.condition`.
    models.CheckConstraint(

apps/payments/models.py:197
  /home/ubuntu/rb02-4-test-run/apps/payments/models.py:197: RemovedInDjango60Warning: CheckConstraint.check is deprecated in favor of `.condition`.
    models.CheckConstraint(

apps/payments/models.py:350
  /home/ubuntu/rb02-4-test-run/apps/payments/models.py:350: RemovedInDjango60Warning: CheckConstraint.check is deprecated in favor of `.condition`.
    models.CheckConstraint(

apps/payments/models.py:354
  /home/ubuntu/rb02-4-test-run/apps/payments/models.py:354: RemovedInDjango60Warning: CheckConstraint.check is deprecated in favor of `.condition`.
    models.CheckConstraint(

apps/payments/models.py:358
  /home/ubuntu/rb02-4-test-run/apps/payments/models.py:358: RemovedInDjango60Warning: CheckConstraint.check is deprecated in favor of `.condition`.
    models.CheckConstraint(

apps/payments/models.py:362
  /home/ubuntu/rb02-4-test-run/apps/payments/models.py:362: RemovedInDjango60Warning: CheckConstraint.check is deprecated in favor of `.condition`.
    models.CheckConstraint(

apps/payments/models.py:499
  /home/ubuntu/rb02-4-test-run/apps/payments/models.py:499: RemovedInDjango60Warning: CheckConstraint.check is deprecated in favor of `.condition`.
    models.CheckConstraint(

apps/payments/models.py:697
  /home/ubuntu/rb02-4-test-run/apps/payments/models.py:697: RemovedInDjango60Warning: CheckConstraint.check is deprecated in favor of `.condition`.
    models.CheckConstraint(

apps/payments/models.py:1005
  /home/ubuntu/rb02-4-test-run/apps/payments/models.py:1005: RemovedInDjango60Warning: CheckConstraint.check is deprecated in favor of `.condition`.
    models.CheckConstraint(

apps/payments/models.py:1009
  /home/ubuntu/rb02-4-test-run/apps/payments/models.py:1009: RemovedInDjango60Warning: CheckConstraint.check is deprecated in favor of `.condition`.
    models.CheckConstraint(

apps/payments/models.py:1190
  /home/ubuntu/rb02-4-test-run/apps/payments/models.py:1190: RemovedInDjango60Warning: CheckConstraint.check is deprecated in favor of `.condition`.
    models.CheckConstraint(

apps/payments/models.py:1194
  /home/ubuntu/rb02-4-test-run/apps/payments/models.py:1194: RemovedInDjango60Warning: CheckConstraint.check is deprecated in favor of `.condition`.
    models.CheckConstraint(

apps/payments/models.py:1569
  /home/ubuntu/rb02-4-test-run/apps/payments/models.py:1569: RemovedInDjango60Warning: CheckConstraint.check is deprecated in favor of `.condition`.
    models.CheckConstraint(

apps/payments/models.py:1573
  /home/ubuntu/rb02-4-test-run/apps/payments/models.py:1573: RemovedInDjango60Warning: CheckConstraint.check is deprecated in favor of `.condition`.
    models.CheckConstraint(

apps/payments/models.py:1577
  /home/ubuntu/rb02-4-test-run/apps/payments/models.py:1577: RemovedInDjango60Warning: CheckConstraint.check is deprecated in favor of `.condition`.
    models.CheckConstraint(

apps/payments/models.py:1581
  /home/ubuntu/rb02-4-test-run/apps/payments/models.py:1581: RemovedInDjango60Warning: CheckConstraint.check is deprecated in favor of `.condition`.
    models.CheckConstraint(

apps/payments/models.py:1585
  /home/ubuntu/rb02-4-test-run/apps/payments/models.py:1585: RemovedInDjango60Warning: CheckConstraint.check is deprecated in favor of `.condition`.
    models.CheckConstraint(

apps/payments/models.py:1819
  /home/ubuntu/rb02-4-test-run/apps/payments/models.py:1819: RemovedInDjango60Warning: CheckConstraint.check is deprecated in favor of `.condition`.
    models.CheckConstraint(

apps/payments/models.py:1823
  /home/ubuntu/rb02-4-test-run/apps/payments/models.py:1823: RemovedInDjango60Warning: CheckConstraint.check is deprecated in favor of `.condition`.
    models.CheckConstraint(

apps/payments/models.py:1832
  /home/ubuntu/rb02-4-test-run/apps/payments/models.py:1832: RemovedInDjango60Warning: CheckConstraint.check is deprecated in favor of `.condition`.
    models.CheckConstraint(

apps/volunteers/models.py:565
  /home/ubuntu/rb02-4-test-run/apps/volunteers/models.py:565: RemovedInDjango60Warning: CheckConstraint.check is deprecated in favor of `.condition`.
    models.CheckConstraint(

apps/volunteers/models.py:889
  /home/ubuntu/rb02-4-test-run/apps/volunteers/models.py:889: RemovedInDjango60Warning: CheckConstraint.check is deprecated in favor of `.condition`.
    models.CheckConstraint(

apps/volunteers/models.py:1118
  /home/ubuntu/rb02-4-test-run/apps/volunteers/models.py:1118: RemovedInDjango60Warning: CheckConstraint.check is deprecated in favor of `.condition`.
    models.CheckConstraint(

apps/volunteers/models.py:1631
  /home/ubuntu/rb02-4-test-run/apps/volunteers/models.py:1631: RemovedInDjango60Warning: CheckConstraint.check is deprecated in favor of `.condition`.
    models.CheckConstraint(

apps/volunteers/models.py:1836
  /home/ubuntu/rb02-4-test-run/apps/volunteers/models.py:1836: RemovedInDjango60Warning: CheckConstraint.check is deprecated in favor of `.condition`.
    models.CheckConstraint(

apps/payments/govstack_models.py:1128
  /home/ubuntu/rb02-4-test-run/apps/payments/govstack_models.py:1128: RemovedInDjango60Warning: CheckConstraint.check is deprecated in favor of `.condition`.
    models.CheckConstraint(

apps/payments/govstack_models.py:1272
  /home/ubuntu/rb02-4-test-run/apps/payments/govstack_models.py:1272: RemovedInDjango60Warning: CheckConstraint.check is deprecated in favor of `.condition`.
    models.CheckConstraint(

../../../usr/local/lib/python3.12/dist-packages/django/db/models/fields/__init__.py:1148
../../../usr/local/lib/python3.12/dist-packages/django/db/models/fields/__init__.py:1148
  /usr/local/lib/python3.12/dist-packages/django/db/models/fields/__init__.py:1148: RemovedInDjango60Warning: The default scheme will be changed from 'http' to 'https' in Django 6.0. Pass the forms.URLField.assume_scheme argument to silence this warning, or set the FORMS_URLFIELD_ASSUME_HTTPS transitional setting to True to opt into using 'https' as the new default scheme.
    return form_class(**defaults)

-- Docs: https://docs.pytest.org/en/stable/how-to/capture-warnings.html
3 passed, 31 warnings in 0.20s
TEST_EXIT=0
